###############################################################################
#
# IAR ELF Linker V8.50.6.265/W32 for ARM                  29/Nov/2020  18:18:22
# Copyright 2007-2020 IAR Systems AB.
#
#    Output file  =  C:\repo\stm32_disc\cube_i2c\i2c2\EWARM\i2c2\Exe\i2c2.out
#    Map file     =  C:\repo\stm32_disc\cube_i2c\i2c2\EWARM\i2c2\List\i2c2.map
#    Command line =
#        -f C:\Users\test\AppData\Local\Temp\EW7C80.tmp
#        (C:\repo\stm32_disc\cube_i2c\i2c2\EWARM\i2c2\Obj\main.o
#        C:\repo\stm32_disc\cube_i2c\i2c2\EWARM\i2c2\Obj\startup_stm32l475xx.o
#        C:\repo\stm32_disc\cube_i2c\i2c2\EWARM\i2c2\Obj\stm32l4xx_hal.o
#        C:\repo\stm32_disc\cube_i2c\i2c2\EWARM\i2c2\Obj\stm32l4xx_hal_cortex.o
#        C:\repo\stm32_disc\cube_i2c\i2c2\EWARM\i2c2\Obj\stm32l4xx_hal_dma.o
#        C:\repo\stm32_disc\cube_i2c\i2c2\EWARM\i2c2\Obj\stm32l4xx_hal_dma_ex.o
#        C:\repo\stm32_disc\cube_i2c\i2c2\EWARM\i2c2\Obj\stm32l4xx_hal_exti.o
#        C:\repo\stm32_disc\cube_i2c\i2c2\EWARM\i2c2\Obj\stm32l4xx_hal_flash.o
#        C:\repo\stm32_disc\cube_i2c\i2c2\EWARM\i2c2\Obj\stm32l4xx_hal_flash_ex.o
#        C:\repo\stm32_disc\cube_i2c\i2c2\EWARM\i2c2\Obj\stm32l4xx_hal_flash_ramfunc.o
#        C:\repo\stm32_disc\cube_i2c\i2c2\EWARM\i2c2\Obj\stm32l4xx_hal_gpio.o
#        C:\repo\stm32_disc\cube_i2c\i2c2\EWARM\i2c2\Obj\stm32l4xx_hal_i2c.o
#        C:\repo\stm32_disc\cube_i2c\i2c2\EWARM\i2c2\Obj\stm32l4xx_hal_i2c_ex.o
#        C:\repo\stm32_disc\cube_i2c\i2c2\EWARM\i2c2\Obj\stm32l4xx_hal_msp.o
#        C:\repo\stm32_disc\cube_i2c\i2c2\EWARM\i2c2\Obj\stm32l4xx_hal_pwr.o
#        C:\repo\stm32_disc\cube_i2c\i2c2\EWARM\i2c2\Obj\stm32l4xx_hal_pwr_ex.o
#        C:\repo\stm32_disc\cube_i2c\i2c2\EWARM\i2c2\Obj\stm32l4xx_hal_rcc.o
#        C:\repo\stm32_disc\cube_i2c\i2c2\EWARM\i2c2\Obj\stm32l4xx_hal_rcc_ex.o
#        C:\repo\stm32_disc\cube_i2c\i2c2\EWARM\i2c2\Obj\stm32l4xx_hal_tim.o
#        C:\repo\stm32_disc\cube_i2c\i2c2\EWARM\i2c2\Obj\stm32l4xx_hal_tim_ex.o
#        C:\repo\stm32_disc\cube_i2c\i2c2\EWARM\i2c2\Obj\stm32l4xx_it.o
#        C:\repo\stm32_disc\cube_i2c\i2c2\EWARM\i2c2\Obj\system_stm32l4xx.o
#        --redirect _Printf=_PrintfFull --redirect _Scanf=_ScanfFull
#        --no_out_extension -o
#        C:\repo\stm32_disc\cube_i2c\i2c2\EWARM\i2c2\Exe\i2c2.out --map
#        C:\repo\stm32_disc\cube_i2c\i2c2\EWARM\i2c2\List\i2c2.map --config
#        C:\repo\stm32_disc\cube_i2c\i2c2\EWARM/stm32l475xx_flash.icf
#        --semihosting --entry __iar_program_start --vfe --text_out locale)
#
###############################################################################

*******************************************************************************
*** RUNTIME MODEL ATTRIBUTES
***

CppFlavor       = *
__SystemLibrary = DLib
__dlib_version  = 6


*******************************************************************************
*** HEAP SELECTION
***

The basic heap was selected because some modules are built with
size limitations (and not runtime checking), and --advanced_heap
was not specified.


*******************************************************************************
*** PLACEMENT SUMMARY
***

"A0":  place at address 0x800'0000 { ro section .intvec };
"P1":  place in [from 0x800'0000 to 0x80f'ffff] { ro };
define block CSTACK with size = 1K, alignment = 8 { };
define block HEAP with size = 512, alignment = 8 { };
"P2":  place in [from 0x2000'0000 to 0x2001'7fff] {
          rw, block CSTACK, block HEAP };
"P3":  place in [from 0x2000'0000 to 0x2001'7fff] { };
initialize by copy { rw };

  Section            Kind         Address    Size  Object
  -------            ----         -------    ----  ------
"A0":                                       0x188
  .intvec            ro code   0x800'0000   0x188  startup_stm32l475xx.o [1]
                             - 0x800'0188   0x188

"P1":                                      0x2214
  .text              ro code   0x800'0188   0x93c  stm32l4xx_hal_rcc.o [1]
  .text              ro code   0x800'0ac4    0x60  stm32l4xx_hal.o [1]
  .text              ro code   0x800'0b24     0xc  stm32l4xx_hal.o [1]
  .text              ro code   0x800'0b30    0x94  stm32l4xx_hal_pwr_ex.o [1]
  .text              ro code   0x800'0bc4   0x12c  stm32l4xx_hal_cortex.o [1]
  .text              ro code   0x800'0cf0   0x730  stm32l4xx_hal_rcc_ex.o [1]
  .text              ro code   0x800'1420   0x558  stm32l4xx_hal_i2c.o [1]
  .text              ro code   0x800'1978    0xa4  stm32l4xx_hal_msp.o [1]
  .text              ro code   0x800'1a1c    0x14  memset.o [4]
  .text              ro code   0x800'1a30   0x24c  stm32l4xx_hal_gpio.o [1]
  .text              ro code   0x800'1c7c    0x66  ABImemset.o [4]
  .text              ro code   0x800'1ce2    0x3a  zero_init3.o [4]
  .text              ro code   0x800'1d1c   0x24e  main.o [1]
  .text              ro code   0x800'1f6a    0x2e  copy_init3.o [4]
  .text              ro code   0x800'1f98    0x24  stm32l4xx_hal.o [1]
  .text              ro code   0x800'1fbc    0x28  stm32l4xx_hal.o [1]
  .text              ro code   0x800'1fe4    0xc6  stm32l4xx_hal_i2c_ex.o [1]
  .text              ro code   0x800'20ac    0x60  system_stm32l4xx.o [1]
  .rodata            const     0x800'210c    0x30  system_stm32l4xx.o [1]
  .text              ro code   0x800'213c    0x28  data_init.o [4]
  .text              ro code   0x800'2164    0x22  fpinit_M.o [3]
  .iar.init_table    const     0x800'2188    0x24  - Linker created -
  .text              ro code   0x800'21ac    0x1e  cmain.o [4]
  .text              ro code   0x800'21ca     0x4  low_level_init.o [2]
  .text              ro code   0x800'21ce     0x4  exit.o [2]
  .text              ro code   0x800'21d4     0xa  cexit.o [4]
  .text              ro code   0x800'21e0    0x14  exit.o [5]
  .text              ro code   0x800'21f4    0x18  stm32l4xx_hal.o [1]
  .text              ro code   0x800'220c    0x18  stm32l4xx_it.o [1]
  .rodata            const     0x800'2224    0x10  system_stm32l4xx.o [1]
  .text              ro code   0x800'2234    0x10  startup_stm32l475xx.o [1]
  .text              ro code   0x800'2244     0xc  cstartup_M.o [4]
  Initializer bytes  const     0x800'2250     0xc  <for P2-P3-1>
  .text              ro code   0x800'225c     0x4  startup_stm32l475xx.o [1]
  .text              ro code   0x800'2260     0x4  startup_stm32l475xx.o [1]
  .text              ro code   0x800'2264     0x4  startup_stm32l475xx.o [1]
  .text              ro code   0x800'2268     0x4  startup_stm32l475xx.o [1]
  .text              ro code   0x800'226c     0x4  startup_stm32l475xx.o [1]
  .text              ro code   0x800'2270     0x4  startup_stm32l475xx.o [1]
  .text              ro code   0x800'2274     0x4  startup_stm32l475xx.o [1]
  .text              ro code   0x800'2278     0x4  startup_stm32l475xx.o [1]
  .text              ro code   0x800'227c     0x4  startup_stm32l475xx.o [1]
  .text              ro code   0x800'2280     0x4  startup_stm32l475xx.o [1]
  .text              ro code   0x800'2284     0x4  startup_stm32l475xx.o [1]
  .text              ro code   0x800'2288     0x4  startup_stm32l475xx.o [1]
  .text              ro code   0x800'228c     0x4  startup_stm32l475xx.o [1]
  .text              ro code   0x800'2290     0x4  startup_stm32l475xx.o [1]
  .text              ro code   0x800'2294     0x4  startup_stm32l475xx.o [1]
  .text              ro code   0x800'2298     0x4  startup_stm32l475xx.o [1]
  .text              ro code   0x800'229c     0x4  startup_stm32l475xx.o [1]
  .text              ro code   0x800'22a0     0x4  startup_stm32l475xx.o [1]
  .text              ro code   0x800'22a4     0x4  startup_stm32l475xx.o [1]
  .text              ro code   0x800'22a8     0x4  startup_stm32l475xx.o [1]
  .text              ro code   0x800'22ac     0x4  startup_stm32l475xx.o [1]
  .text              ro code   0x800'22b0     0x4  startup_stm32l475xx.o [1]
  .text              ro code   0x800'22b4     0x4  startup_stm32l475xx.o [1]
  .text              ro code   0x800'22b8     0x4  startup_stm32l475xx.o [1]
  .text              ro code   0x800'22bc     0x4  startup_stm32l475xx.o [1]
  .text              ro code   0x800'22c0     0x4  startup_stm32l475xx.o [1]
  .text              ro code   0x800'22c4     0x4  startup_stm32l475xx.o [1]
  .text              ro code   0x800'22c8     0x4  startup_stm32l475xx.o [1]
  .text              ro code   0x800'22cc     0x4  startup_stm32l475xx.o [1]
  .text              ro code   0x800'22d0     0x4  startup_stm32l475xx.o [1]
  .text              ro code   0x800'22d4     0x4  startup_stm32l475xx.o [1]
  .text              ro code   0x800'22d8     0x4  startup_stm32l475xx.o [1]
  .text              ro code   0x800'22dc     0x4  startup_stm32l475xx.o [1]
  .text              ro code   0x800'22e0     0x4  startup_stm32l475xx.o [1]
  .text              ro code   0x800'22e4     0x4  startup_stm32l475xx.o [1]
  .text              ro code   0x800'22e8     0x4  startup_stm32l475xx.o [1]
  .text              ro code   0x800'22ec     0x4  startup_stm32l475xx.o [1]
  .text              ro code   0x800'22f0     0x4  startup_stm32l475xx.o [1]
  .text              ro code   0x800'22f4     0x4  startup_stm32l475xx.o [1]
  .text              ro code   0x800'22f8     0x4  startup_stm32l475xx.o [1]
  .text              ro code   0x800'22fc     0x4  startup_stm32l475xx.o [1]
  .text              ro code   0x800'2300     0x4  startup_stm32l475xx.o [1]
  .text              ro code   0x800'2304     0x4  startup_stm32l475xx.o [1]
  .text              ro code   0x800'2308     0x4  startup_stm32l475xx.o [1]
  .text              ro code   0x800'230c     0x4  startup_stm32l475xx.o [1]
  .text              ro code   0x800'2310     0x4  startup_stm32l475xx.o [1]
  .text              ro code   0x800'2314     0x4  startup_stm32l475xx.o [1]
  .text              ro code   0x800'2318     0x4  startup_stm32l475xx.o [1]
  .text              ro code   0x800'231c     0x4  startup_stm32l475xx.o [1]
  .text              ro code   0x800'2320     0x4  startup_stm32l475xx.o [1]
  .text              ro code   0x800'2324     0x4  startup_stm32l475xx.o [1]
  .text              ro code   0x800'2328     0x4  startup_stm32l475xx.o [1]
  .text              ro code   0x800'232c     0x4  startup_stm32l475xx.o [1]
  .text              ro code   0x800'2330     0x4  startup_stm32l475xx.o [1]
  .text              ro code   0x800'2334     0x4  startup_stm32l475xx.o [1]
  .text              ro code   0x800'2338     0x4  startup_stm32l475xx.o [1]
  .text              ro code   0x800'233c     0x4  startup_stm32l475xx.o [1]
  .text              ro code   0x800'2340     0x4  startup_stm32l475xx.o [1]
  .text              ro code   0x800'2344     0x4  startup_stm32l475xx.o [1]
  .text              ro code   0x800'2348     0x4  startup_stm32l475xx.o [1]
  .text              ro code   0x800'234c     0x4  startup_stm32l475xx.o [1]
  .text              ro code   0x800'2350     0x4  startup_stm32l475xx.o [1]
  .text              ro code   0x800'2354     0x4  startup_stm32l475xx.o [1]
  .text              ro code   0x800'2358     0x4  startup_stm32l475xx.o [1]
  .text              ro code   0x800'235c     0x4  startup_stm32l475xx.o [1]
  .text              ro code   0x800'2360     0x4  startup_stm32l475xx.o [1]
  .text              ro code   0x800'2364     0x4  startup_stm32l475xx.o [1]
  .text              ro code   0x800'2368     0x4  startup_stm32l475xx.o [1]
  .text              ro code   0x800'236c     0x4  startup_stm32l475xx.o [1]
  .text              ro code   0x800'2370     0x4  startup_stm32l475xx.o [1]
  .text              ro code   0x800'2374     0x4  startup_stm32l475xx.o [1]
  .text              ro code   0x800'2378     0x4  startup_stm32l475xx.o [1]
  .text              ro code   0x800'237c     0x4  startup_stm32l475xx.o [1]
  .text              ro code   0x800'2380     0x4  startup_stm32l475xx.o [1]
  .text              ro code   0x800'2384     0x4  startup_stm32l475xx.o [1]
  .text              ro code   0x800'2388     0x4  startup_stm32l475xx.o [1]
  .text              ro code   0x800'238c     0x4  startup_stm32l475xx.o [1]
  .text              ro code   0x800'2390     0x4  startup_stm32l475xx.o [1]
  .text              ro code   0x800'2394     0x4  startup_stm32l475xx.o [1]
  .text              ro code   0x800'2398     0x4  startup_stm32l475xx.o [1]
  .rodata            const     0x800'239c     0x0  zero_init3.o [4]
  .rodata            const     0x800'239c     0x0  copy_init3.o [4]
                             - 0x800'239c  0x2214

"P2-P3", part 1 of 3:                         0xc
  P2-P3-1                     0x2000'0000     0x9  <Init block>
    .data            inited   0x2000'0000     0x4  stm32l4xx_hal.o [1]
    .data            inited   0x2000'0004     0x4  system_stm32l4xx.o [1]
    .data            inited   0x2000'0008     0x1  stm32l4xx_hal.o [1]
                            - 0x2000'0009     0x9

"P2-P3", part 2 of 3:                        0x50
  .bss               zero     0x2000'000c    0x4c  main.o [1]
  .bss               zero     0x2000'0058     0x4  stm32l4xx_hal.o [1]
                            - 0x2000'005c    0x50

"P2-P3", part 3 of 3:                       0x400
  CSTACK                      0x2000'0060   0x400  <Block>
    CSTACK           uninit   0x2000'0060   0x400  <Block tail>
                            - 0x2000'0460   0x400

Unused ranges:

         From           To      Size
         ----           --      ----
   0x800'239c   0x80f'ffff  0xf'dc64
  0x2000'005c  0x2000'005f       0x4
  0x2000'0460  0x2001'7fff  0x1'7ba0


*******************************************************************************
*** INIT TABLE
***

          Address      Size
          -------      ----
Zero (__iar_zero_init3)
    1 destination range, total size 0x50:
          0x2000'000c  0x50

Copy (__iar_copy_init3)
    1 source range, total size 0xc (133% of destination):
           0x800'2250   0xc
    1 destination range, total size 0x9:
          0x2000'0000   0x9



*******************************************************************************
*** MODULE SUMMARY
***

    Module                  ro code  ro data  rw data
    ------                  -------  -------  -------
command line/config:
    -------------------------------------------------
    Total:

C:\repo\stm32_disc\cube_i2c\i2c2\EWARM\i2c2\Obj: [1]
    main.o                      590                76
    startup_stm32l475xx.o       728
    stm32l4xx_hal.o             208        5        9
    stm32l4xx_hal_cortex.o      300
    stm32l4xx_hal_gpio.o        588
    stm32l4xx_hal_i2c.o       1'368
    stm32l4xx_hal_i2c_ex.o      198
    stm32l4xx_hal_msp.o         164
    stm32l4xx_hal_pwr_ex.o      148
    stm32l4xx_hal_rcc.o       2'364
    stm32l4xx_hal_rcc_ex.o    1'840
    stm32l4xx_it.o               24
    system_stm32l4xx.o           96       68        4
    -------------------------------------------------
    Total:                    8'616       73       89

dl7M_tln.a: [2]
    exit.o                        4
    low_level_init.o              4
    -------------------------------------------------
    Total:                        8

m7M_tls.a: [3]
    fpinit_M.o                   34
    -------------------------------------------------
    Total:                       34

rt7M_tl.a: [4]
    ABImemset.o                 102
    cexit.o                      10
    cmain.o                      30
    copy_init3.o                 46
    cstartup_M.o                 12
    data_init.o                  40
    memset.o                     20
    zero_init3.o                 58
    -------------------------------------------------
    Total:                      318

shb_l.a: [5]
    exit.o                       20
    -------------------------------------------------
    Total:                       20

    Gaps                          6        2
    Linker created                        39    1'024
-----------------------------------------------------
    Grand Total:              9'002      114    1'113


*******************************************************************************
*** ENTRY LIST
***

Entry                       Address   Size  Type      Object
-----                       -------   ----  ----      ------
.iar.init_table$$Base    0x800'2188          --   Gb  - Linker created -
.iar.init_table$$Limit   0x800'21ac          --   Gb  - Linker created -
?main                    0x800'21ad         Code  Gb  cmain.o [4]
AHBPrescTable            0x800'2224   0x10  Data  Gb  system_stm32l4xx.o [1]
BusFault_Handler         0x800'2213    0x2  Code  Gb  stm32l4xx_it.o [1]
CSTACK$$Base            0x2000'0060          --   Gb  - Linker created -
CSTACK$$Limit           0x2000'0460          --   Gb  - Linker created -
DebugMon_Handler         0x800'2219    0x2  Code  Gb  stm32l4xx_it.o [1]
Error_Handler            0x800'1f69    0x2  Code  Gb  main.o [1]
HAL_Delay                0x800'1fbd   0x28  Code  Wk  stm32l4xx_hal.o [1]
HAL_GPIO_Init            0x800'1a31  0x204  Code  Gb  stm32l4xx_hal_gpio.o [1]
HAL_GPIO_WritePin        0x800'1c35   0x18  Code  Gb  stm32l4xx_hal_gpio.o [1]
HAL_GetTick              0x800'0b25    0xc  Code  Wk  stm32l4xx_hal.o [1]
HAL_I2CEx_ConfigAnalogFilter
                         0x800'1fe5   0x64  Code  Gb  stm32l4xx_hal_i2c_ex.o [1]
HAL_I2CEx_ConfigDigitalFilter
                         0x800'2049   0x62  Code  Gb  stm32l4xx_hal_i2c_ex.o [1]
HAL_I2C_Init             0x800'1421   0xcc  Code  Gb  stm32l4xx_hal_i2c.o [1]
HAL_I2C_Mem_Read         0x800'14ed  0x202  Code  Gb  stm32l4xx_hal_i2c.o [1]
HAL_I2C_MspInit          0x800'19a7   0x62  Code  Gb  stm32l4xx_hal_msp.o [1]
HAL_IncTick              0x800'21f5   0x18  Code  Wk  stm32l4xx_hal.o [1]
HAL_Init                 0x800'1f99   0x24  Code  Gb  stm32l4xx_hal.o [1]
HAL_InitTick             0x800'0ac5   0x60  Code  Wk  stm32l4xx_hal.o [1]
HAL_MspInit              0x800'1979   0x2e  Code  Gb  stm32l4xx_hal_msp.o [1]
HAL_NVIC_SetPriority     0x800'0c9d   0x2a  Code  Gb  stm32l4xx_hal_cortex.o [1]
HAL_NVIC_SetPriorityGrouping
                         0x800'0c91    0xc  Code  Gb  stm32l4xx_hal_cortex.o [1]
HAL_PWREx_ControlVoltageScaling
                         0x800'0b3d   0x76  Code  Gb  stm32l4xx_hal_pwr_ex.o [1]
HAL_PWREx_GetVoltageRange
                         0x800'0b31    0xc  Code  Gb  stm32l4xx_hal_pwr_ex.o [1]
HAL_RCCEx_PeriphCLKConfig
                         0x800'0cf1  0x42c  Code  Gb  stm32l4xx_hal_rcc_ex.o [1]
HAL_RCC_ClockConfig      0x800'07d3  0x14c  Code  Gb  stm32l4xx_hal_rcc.o [1]
HAL_RCC_GetSysClockFreq
                         0x800'091f   0xd4  Code  Gb  stm32l4xx_hal_rcc.o [1]
HAL_RCC_OscConfig        0x800'0189  0x64a  Code  Gb  stm32l4xx_hal_rcc.o [1]
HAL_SYSTICK_Config       0x800'0cc7    0xc  Code  Gb  stm32l4xx_hal_cortex.o [1]
HardFault_Handler        0x800'220f    0x2  Code  Gb  stm32l4xx_it.o [1]
I2C_Flush_TXDR           0x800'1789   0x24  Code  Lc  stm32l4xx_hal_i2c.o [1]
I2C_IsAcknowledgeFailed
                         0x800'18b5   0x8a  Code  Lc  stm32l4xx_hal_i2c.o [1]
I2C_RequestMemoryRead    0x800'16f9   0x90  Code  Lc  stm32l4xx_hal_i2c.o [1]
I2C_TransferConfig       0x800'193f   0x2e  Code  Lc  stm32l4xx_hal_i2c.o [1]
I2C_WaitOnFlagUntilTimeout
                         0x800'17ad   0x5e  Code  Lc  stm32l4xx_hal_i2c.o [1]
I2C_WaitOnSTOPFlagUntilTimeout
                         0x800'1863   0x52  Code  Lc  stm32l4xx_hal_i2c.o [1]
I2C_WaitOnTXISFlagUntilTimeout
                         0x800'180b   0x58  Code  Lc  stm32l4xx_hal_i2c.o [1]
MSIRangeTable            0x800'210c   0x30  Data  Gb  system_stm32l4xx.o [1]
MX_GPIO_Init             0x800'1ec5   0x86  Code  Lc  main.o [1]
MX_I2C2_Init             0x800'1e6d   0x58  Code  Lc  main.o [1]
MemManage_Handler        0x800'2211    0x2  Code  Gb  stm32l4xx_it.o [1]
NMI_Handler              0x800'220d    0x2  Code  Gb  stm32l4xx_it.o [1]
NVIC_EncodePriority      0x800'0c21   0x40  Code  Lc  stm32l4xx_hal_cortex.o [1]
PendSV_Handler           0x800'221b    0x2  Code  Gb  stm32l4xx_it.o [1]
RCCEx_PLLSAI1_Config     0x800'1131  0x184  Code  Lc  stm32l4xx_hal_rcc_ex.o [1]
RCCEx_PLLSAI2_Config     0x800'12b5  0x150  Code  Lc  stm32l4xx_hal_rcc_ex.o [1]
RCC_SetFlashLatencyFromMSIRange
                         0x800'0a05   0x8a  Code  Lc  stm32l4xx_hal_rcc.o [1]
Region$$Table$$Base      0x800'2188          --   Gb  - Linker created -
Region$$Table$$Limit     0x800'21ac          --   Gb  - Linker created -
SVC_Handler              0x800'2217    0x2  Code  Gb  stm32l4xx_it.o [1]
SysTick_Config           0x800'0c61   0x30  Code  Lc  stm32l4xx_hal_cortex.o [1]
SysTick_Handler          0x800'221d    0x8  Code  Gb  stm32l4xx_it.o [1]
SystemClock_Config       0x800'1dc3   0xaa  Code  Gb  main.o [1]
SystemCoreClock         0x2000'0004    0x4  Data  Gb  system_stm32l4xx.o [1]
SystemInit               0x800'20ad   0x42  Code  Gb  system_stm32l4xx.o [1]
UsageFault_Handler       0x800'2215    0x2  Code  Gb  stm32l4xx_it.o [1]
__NVIC_GetPriorityGrouping
                         0x800'0be7    0xc  Code  Lc  stm32l4xx_hal_cortex.o [1]
__NVIC_SetPriority       0x800'0bf5   0x2c  Code  Lc  stm32l4xx_hal_cortex.o [1]
__NVIC_SetPriorityGrouping
                         0x800'0bc5   0x22  Code  Lc  stm32l4xx_hal_cortex.o [1]
__aeabi_memset           0x800'1c7d         Code  Gb  ABImemset.o [4]
__cmain                  0x800'21ad         Code  Gb  cmain.o [4]
__exit                   0x800'21e1   0x14  Code  Gb  exit.o [5]
__iar_Memset             0x800'1c7d         Code  Gb  ABImemset.o [4]
__iar_Memset_word        0x800'1c85         Code  Gb  ABImemset.o [4]
__iar_copy_init3         0x800'1f6b   0x2e  Code  Gb  copy_init3.o [4]
__iar_data_init3         0x800'213d   0x28  Code  Gb  data_init.o [4]
__iar_init_vfp           0x800'2165         Code  Gb  fpinit_M.o [3]
__iar_program_start      0x800'2245         Code  Gb  cstartup_M.o [4]
__iar_zero_init3         0x800'1ce3   0x3a  Code  Gb  zero_init3.o [4]
__low_level_init         0x800'21cb    0x4  Code  Gb  low_level_init.o [2]
__vector_table           0x800'0000         Data  Gb  startup_stm32l475xx.o [1]
_call_main               0x800'21b9         Code  Gb  cmain.o [4]
_exit                    0x800'21d5         Code  Gb  cexit.o [4]
_main                    0x800'21c7         Code  Gb  cmain.o [4]
exit                     0x800'21cf    0x4  Code  Gb  exit.o [2]
hi2c2                   0x2000'000c   0x4c  Data  Gb  main.o [1]
main                     0x800'1d1d   0xa6  Code  Gb  main.o [1]
memset                   0x800'1a1d   0x14  Code  Gb  memset.o [4]
uwTick                  0x2000'0058    0x4  Data  Gb  stm32l4xx_hal.o [1]
uwTickFreq              0x2000'0008    0x1  Data  Gb  stm32l4xx_hal.o [1]
uwTickPrio              0x2000'0000    0x4  Data  Gb  stm32l4xx_hal.o [1]


[1] = C:\repo\stm32_disc\cube_i2c\i2c2\EWARM\i2c2\Obj
[2] = dl7M_tln.a
[3] = m7M_tls.a
[4] = rt7M_tl.a
[5] = shb_l.a

  9'002 bytes of readonly  code memory
    114 bytes of readonly  data memory
  1'113 bytes of readwrite data memory

Errors: none
Warnings: none
